Args in experiment:
[1mBasic Config[0m
  Task Name:          classification      Is Training:        1                   
  Model ID:           ECG_CALF_96_720     Model:              CALF                

[1mData Loader[0m
  Data:               ECG                 Root Path:          ./datasets/ECG/     
  Data Path:          x_train.pkl         Features:           M                   
  Target:             OT                  Freq:               h                   
  Checkpoints:        ./checkpoints/      

[1mModel Parameters[0m
  Top k:              5                   Num Kernels:        6                   
  Enc In:             7                   Dec In:             7                   
  C Out:              7                   d model:            768                 
  n heads:            4                   e layers:           2                   
  d layers:           1                   d FF:               768                 
  Moving Avg:         25                  Factor:             1                   
  Distil:             1                   Dropout:            0.3                 
  Embed:              timeF               Activation:         gelu                
  Output Attention:   0                   

[1mRun Parameters[0m
  Num Workers:        10                  Itr:                1                   
  Train Epochs:       100                 Batch Size:         256                 
  Patience:           10                  Learning Rate:      0.0005              
  Des:                test                Feature Loss:       l1                  Output Loss:        l1                  Task Loss:          ce                  
  Lradj:              type1               Use Amp:            0                   

[1mGPU[0m
  Use GPU:            1                   GPU:                0                   
  Use Multi GPU:      0                   Devices:            0,1,2,3             

[1mDe-stationary Projector Params[0m
  P Hidden Dims:      128, 128            P Hidden Layers:    2                   

[1mDistill Loss Weight[0m
  Feature Weight:     0.01                Output Weight:      1.0                 Task Weight:        1.0                 

Use GPU: cuda:0
>>>>>>>start training : classification_ECG_CALF_96_720_CALF_ECG_ftM_sl1_ll0_pl0_dm768_nh4_el2_dl1_df768_fc1_ebtimeF_dtTrue_test_gpt6_0>>>>>>>>>>>>>>>>>>>>>>>>>>
Traceback (most recent call last):
  File "/data/gpfs/projects/punim2341/anaconda3/envs/calf/lib/python3.9/site-packages/torch/utils/data/dataloader.py", line 1131, in _try_get_data
    data = self._data_queue.get(timeout=timeout)
  File "/data/gpfs/projects/punim2341/anaconda3/envs/calf/lib/python3.9/multiprocessing/queues.py", line 113, in get
    if not self._poll(timeout):
  File "/data/gpfs/projects/punim2341/anaconda3/envs/calf/lib/python3.9/multiprocessing/connection.py", line 262, in poll
    return self._poll(timeout)
  File "/data/gpfs/projects/punim2341/anaconda3/envs/calf/lib/python3.9/multiprocessing/connection.py", line 429, in _poll
    r = wait([self], timeout)
  File "/data/gpfs/projects/punim2341/anaconda3/envs/calf/lib/python3.9/multiprocessing/connection.py", line 936, in wait
    ready = selector.select(timeout)
  File "/data/gpfs/projects/punim2341/anaconda3/envs/calf/lib/python3.9/selectors.py", line 416, in select
    fd_event_list = self._selector.poll(timeout)
  File "/data/gpfs/projects/punim2341/anaconda3/envs/calf/lib/python3.9/site-packages/torch/utils/data/_utils/signal_handling.py", line 67, in handler
    _error_if_any_worker_fails()
RuntimeError: DataLoader worker (pid 224882) is killed by signal: Killed. 

The above exception was the direct cause of the following exception:

Traceback (most recent call last):
  File "/data/gpfs/projects/punim2341/feixiangz/CALF/run.py", line 178, in <module>
    exp.train(setting)
  File "/data/gpfs/projects/punim2341/feixiangz/CALF/exp/exp_classification.py", line 120, in train
    for i, (batch_x, label, padding_mask) in enumerate(train_loader):
  File "/data/gpfs/projects/punim2341/anaconda3/envs/calf/lib/python3.9/site-packages/torch/utils/data/dataloader.py", line 630, in __next__
    data = self._next_data()
  File "/data/gpfs/projects/punim2341/anaconda3/envs/calf/lib/python3.9/site-packages/torch/utils/data/dataloader.py", line 1327, in _next_data
    idx, data = self._get_data()
  File "/data/gpfs/projects/punim2341/anaconda3/envs/calf/lib/python3.9/site-packages/torch/utils/data/dataloader.py", line 1293, in _get_data
    success, data = self._try_get_data()
  File "/data/gpfs/projects/punim2341/anaconda3/envs/calf/lib/python3.9/site-packages/torch/utils/data/dataloader.py", line 1144, in _try_get_data
    raise RuntimeError(f'DataLoader worker (pid(s) {pids_str}) exited unexpectedly') from e
RuntimeError: DataLoader worker (pid(s) 224882) exited unexpectedly
=====================================================================================================================
Args in experiment:
[1mBasic Config[0m
  Task Name:          classification      Is Training:        1                   
  Model ID:           ECG_CALF_96_720     Model:              CALF                

[1mData Loader[0m
  Data:               ECG                 Root Path:          ./datasets/ECG/     
  Data Path:          x_train.pkl         Features:           M                   
  Target:             OT                  Freq:               h                   
  Checkpoints:        ./checkpoints/      

[1mModel Parameters[0m
  Top k:              5                   Num Kernels:        6                   
  Enc In:             7                   Dec In:             7                   
  C Out:              7                   d model:            768                 
  n heads:            4                   e layers:           2                   
  d layers:           1                   d FF:               768                 
  Moving Avg:         25                  Factor:             1                   
  Distil:             1                   Dropout:            0.3                 
  Embed:              timeF               Activation:         gelu                
  Output Attention:   0                   

[1mRun Parameters[0m
  Num Workers:        10                  Itr:                1                   
  Train Epochs:       100                 Batch Size:         256                 
  Patience:           10                  Learning Rate:      0.0005              
  Des:                test                Feature Loss:       l1                  Output Loss:        l1                  Task Loss:          ce                  
  Lradj:              type1               Use Amp:            0                   

[1mGPU[0m
  Use GPU:            1                   GPU:                0                   
  Use Multi GPU:      0                   Devices:            0,1,2,3             

[1mDe-stationary Projector Params[0m
  P Hidden Dims:      128, 128            P Hidden Layers:    2                   

[1mDistill Loss Weight[0m
  Feature Weight:     0.01                Output Weight:      1.0                 Task Weight:        1.0                 

Use GPU: cuda:0
>>>>>>>start training : classification_ECG_CALF_96_720_CALF_ECG_ftM_sl1_ll0_pl0_dm768_nh4_el2_dl1_df768_fc1_ebtimeF_dtTrue_test_gpt6_0>>>>>>>>>>>>>>>>>>>>>>>>>>
Traceback (most recent call last):
  File "/data/gpfs/projects/punim2341/anaconda3/envs/calf/lib/python3.9/site-packages/torch/utils/data/dataloader.py", line 1131, in _try_get_data
    data = self._data_queue.get(timeout=timeout)
  File "/data/gpfs/projects/punim2341/anaconda3/envs/calf/lib/python3.9/multiprocessing/queues.py", line 113, in get
    if not self._poll(timeout):
  File "/data/gpfs/projects/punim2341/anaconda3/envs/calf/lib/python3.9/multiprocessing/connection.py", line 262, in poll
    return self._poll(timeout)
  File "/data/gpfs/projects/punim2341/anaconda3/envs/calf/lib/python3.9/multiprocessing/connection.py", line 429, in _poll
    r = wait([self], timeout)
  File "/data/gpfs/projects/punim2341/anaconda3/envs/calf/lib/python3.9/multiprocessing/connection.py", line 936, in wait
    ready = selector.select(timeout)
  File "/data/gpfs/projects/punim2341/anaconda3/envs/calf/lib/python3.9/selectors.py", line 416, in select
    fd_event_list = self._selector.poll(timeout)
  File "/data/gpfs/projects/punim2341/anaconda3/envs/calf/lib/python3.9/site-packages/torch/utils/data/_utils/signal_handling.py", line 67, in handler
    _error_if_any_worker_fails()
RuntimeError: DataLoader worker (pid 225500) is killed by signal: Killed. 

The above exception was the direct cause of the following exception:

Traceback (most recent call last):
  File "/data/gpfs/projects/punim2341/feixiangz/CALF/run.py", line 178, in <module>
    exp.train(setting)
  File "/data/gpfs/projects/punim2341/feixiangz/CALF/exp/exp_classification.py", line 120, in train
    for i, (batch_x, label, padding_mask) in enumerate(train_loader):
  File "/data/gpfs/projects/punim2341/anaconda3/envs/calf/lib/python3.9/site-packages/torch/utils/data/dataloader.py", line 630, in __next__
    data = self._next_data()
  File "/data/gpfs/projects/punim2341/anaconda3/envs/calf/lib/python3.9/site-packages/torch/utils/data/dataloader.py", line 1327, in _next_data
    idx, data = self._get_data()
  File "/data/gpfs/projects/punim2341/anaconda3/envs/calf/lib/python3.9/site-packages/torch/utils/data/dataloader.py", line 1293, in _get_data
    success, data = self._try_get_data()
  File "/data/gpfs/projects/punim2341/anaconda3/envs/calf/lib/python3.9/site-packages/torch/utils/data/dataloader.py", line 1144, in _try_get_data
    raise RuntimeError(f'DataLoader worker (pid(s) {pids_str}) exited unexpectedly') from e
RuntimeError: DataLoader worker (pid(s) 225500) exited unexpectedly
=====================================================================================================================
Args in experiment:
[1mBasic Config[0m
  Task Name:          classification      Is Training:        1                   
  Model ID:           ECG_CALF_96_720     Model:              CALF                

[1mData Loader[0m
  Data:               ECG                 Root Path:          ./datasets/ECG/     
  Data Path:          x_train.pkl         Features:           M                   
  Target:             OT                  Freq:               h                   
  Checkpoints:        ./checkpoints/      

[1mModel Parameters[0m
  Top k:              5                   Num Kernels:        6                   
  Enc In:             7                   Dec In:             7                   
  C Out:              7                   d model:            768                 
  n heads:            4                   e layers:           2                   
  d layers:           1                   d FF:               768                 
  Moving Avg:         25                  Factor:             1                   
  Distil:             1                   Dropout:            0.3                 
  Embed:              timeF               Activation:         gelu                
  Output Attention:   0                   

[1mRun Parameters[0m
  Num Workers:        10                  Itr:                1                   
  Train Epochs:       100                 Batch Size:         256                 
  Patience:           10                  Learning Rate:      0.0005              
  Des:                test                Feature Loss:       l1                  Output Loss:        l1                  Task Loss:          ce                  
  Lradj:              type1               Use Amp:            0                   

[1mGPU[0m
  Use GPU:            1                   GPU:                0                   
  Use Multi GPU:      0                   Devices:            0,1,2,3             

[1mDe-stationary Projector Params[0m
  P Hidden Dims:      128, 128            P Hidden Layers:    2                   

[1mDistill Loss Weight[0m
  Feature Weight:     0.01                Output Weight:      1.0                 Task Weight:        1.0                 

Use GPU: cuda:0
>>>>>>>start training : classification_ECG_CALF_96_720_CALF_ECG_ftM_sl1_ll0_pl0_dm768_nh4_el2_dl1_df768_fc1_ebtimeF_dtTrue_test_gpt6_0>>>>>>>>>>>>>>>>>>>>>>>>>>
Traceback (most recent call last):
  File "/data/gpfs/projects/punim2341/anaconda3/envs/calf/lib/python3.9/site-packages/torch/utils/data/dataloader.py", line 1131, in _try_get_data
    data = self._data_queue.get(timeout=timeout)
  File "/data/gpfs/projects/punim2341/anaconda3/envs/calf/lib/python3.9/multiprocessing/queues.py", line 113, in get
    if not self._poll(timeout):
  File "/data/gpfs/projects/punim2341/anaconda3/envs/calf/lib/python3.9/multiprocessing/connection.py", line 262, in poll
    return self._poll(timeout)
  File "/data/gpfs/projects/punim2341/anaconda3/envs/calf/lib/python3.9/multiprocessing/connection.py", line 429, in _poll
    r = wait([self], timeout)
  File "/data/gpfs/projects/punim2341/anaconda3/envs/calf/lib/python3.9/multiprocessing/connection.py", line 936, in wait
    ready = selector.select(timeout)
  File "/data/gpfs/projects/punim2341/anaconda3/envs/calf/lib/python3.9/selectors.py", line 416, in select
    fd_event_list = self._selector.poll(timeout)
  File "/data/gpfs/projects/punim2341/anaconda3/envs/calf/lib/python3.9/site-packages/torch/utils/data/_utils/signal_handling.py", line 67, in handler
    _error_if_any_worker_fails()
RuntimeError: DataLoader worker (pid 226150) is killed by signal: Killed. 

The above exception was the direct cause of the following exception:

Traceback (most recent call last):
  File "/data/gpfs/projects/punim2341/feixiangz/CALF/run.py", line 178, in <module>
    exp.train(setting)
  File "/data/gpfs/projects/punim2341/feixiangz/CALF/exp/exp_classification.py", line 120, in train
    for i, (batch_x, label, padding_mask) in enumerate(train_loader):
  File "/data/gpfs/projects/punim2341/anaconda3/envs/calf/lib/python3.9/site-packages/torch/utils/data/dataloader.py", line 630, in __next__
    data = self._next_data()
  File "/data/gpfs/projects/punim2341/anaconda3/envs/calf/lib/python3.9/site-packages/torch/utils/data/dataloader.py", line 1327, in _next_data
    idx, data = self._get_data()
  File "/data/gpfs/projects/punim2341/anaconda3/envs/calf/lib/python3.9/site-packages/torch/utils/data/dataloader.py", line 1293, in _get_data
    success, data = self._try_get_data()
  File "/data/gpfs/projects/punim2341/anaconda3/envs/calf/lib/python3.9/site-packages/torch/utils/data/dataloader.py", line 1144, in _try_get_data
    raise RuntimeError(f'DataLoader worker (pid(s) {pids_str}) exited unexpectedly') from e
RuntimeError: DataLoader worker (pid(s) 226150) exited unexpectedly
=====================================================================================================================
Args in experiment:
[1mBasic Config[0m
  Task Name:          classification      Is Training:        1                   
  Model ID:           ECG_CALF_96_720     Model:              CALF                

[1mData Loader[0m
  Data:               ECG                 Root Path:          ./datasets/ECG/     
  Data Path:          x_train.pkl         Features:           M                   
  Target:             OT                  Freq:               h                   
  Checkpoints:        ./checkpoints/      

[1mModel Parameters[0m
  Top k:              5                   Num Kernels:        6                   
  Enc In:             7                   Dec In:             7                   
  C Out:              7                   d model:            768                 
  n heads:            4                   e layers:           2                   
  d layers:           1                   d FF:               768                 
  Moving Avg:         25                  Factor:             1                   
  Distil:             1                   Dropout:            0.3                 
  Embed:              timeF               Activation:         gelu                
  Output Attention:   0                   

[1mRun Parameters[0m
  Num Workers:        10                  Itr:                1                   
  Train Epochs:       100                 Batch Size:         256                 
  Patience:           10                  Learning Rate:      0.0005              
  Des:                test                Feature Loss:       l1                  Output Loss:        l1                  Task Loss:          ce                  
  Lradj:              type1               Use Amp:            0                   

[1mGPU[0m
  Use GPU:            1                   GPU:                0                   
  Use Multi GPU:      0                   Devices:            0,1,2,3             

[1mDe-stationary Projector Params[0m
  P Hidden Dims:      128, 128            P Hidden Layers:    2                   

[1mDistill Loss Weight[0m
  Feature Weight:     0.01                Output Weight:      1.0                 Task Weight:        1.0                 

Use GPU: cuda:0
>>>>>>>start training : classification_ECG_CALF_96_720_CALF_ECG_ftM_sl1_ll0_pl0_dm768_nh4_el2_dl1_df768_fc1_ebtimeF_dtTrue_test_gpt6_0>>>>>>>>>>>>>>>>>>>>>>>>>>
Traceback (most recent call last):
  File "/data/gpfs/projects/punim2341/anaconda3/envs/calf/lib/python3.9/site-packages/torch/utils/data/dataloader.py", line 1131, in _try_get_data
    data = self._data_queue.get(timeout=timeout)
  File "/data/gpfs/projects/punim2341/anaconda3/envs/calf/lib/python3.9/multiprocessing/queues.py", line 113, in get
    if not self._poll(timeout):
  File "/data/gpfs/projects/punim2341/anaconda3/envs/calf/lib/python3.9/multiprocessing/connection.py", line 262, in poll
    return self._poll(timeout)
  File "/data/gpfs/projects/punim2341/anaconda3/envs/calf/lib/python3.9/multiprocessing/connection.py", line 429, in _poll
    r = wait([self], timeout)
  File "/data/gpfs/projects/punim2341/anaconda3/envs/calf/lib/python3.9/multiprocessing/connection.py", line 936, in wait
    ready = selector.select(timeout)
  File "/data/gpfs/projects/punim2341/anaconda3/envs/calf/lib/python3.9/selectors.py", line 416, in select
    fd_event_list = self._selector.poll(timeout)
  File "/data/gpfs/projects/punim2341/anaconda3/envs/calf/lib/python3.9/site-packages/torch/utils/data/_utils/signal_handling.py", line 67, in handler
    _error_if_any_worker_fails()
RuntimeError: DataLoader worker (pid 226765) is killed by signal: Killed. 

The above exception was the direct cause of the following exception:

Traceback (most recent call last):
  File "/data/gpfs/projects/punim2341/feixiangz/CALF/run.py", line 178, in <module>
    exp.train(setting)
  File "/data/gpfs/projects/punim2341/feixiangz/CALF/exp/exp_classification.py", line 120, in train
    for i, (batch_x, label, padding_mask) in enumerate(train_loader):
  File "/data/gpfs/projects/punim2341/anaconda3/envs/calf/lib/python3.9/site-packages/torch/utils/data/dataloader.py", line 630, in __next__
    data = self._next_data()
  File "/data/gpfs/projects/punim2341/anaconda3/envs/calf/lib/python3.9/site-packages/torch/utils/data/dataloader.py", line 1327, in _next_data
    idx, data = self._get_data()
  File "/data/gpfs/projects/punim2341/anaconda3/envs/calf/lib/python3.9/site-packages/torch/utils/data/dataloader.py", line 1293, in _get_data
    success, data = self._try_get_data()
  File "/data/gpfs/projects/punim2341/anaconda3/envs/calf/lib/python3.9/site-packages/torch/utils/data/dataloader.py", line 1144, in _try_get_data
    raise RuntimeError(f'DataLoader worker (pid(s) {pids_str}) exited unexpectedly') from e
RuntimeError: DataLoader worker (pid(s) 226765) exited unexpectedly
=====================================================================================================================
Job ID           : 63809157
Cluster          : spartan
User/Project     : feixiangz/punim2341
Nodes            : 1
Wall-clock time  : 00:01:14 / 04:00:00

Displaying overall resources usage from 2024-08-07 14:43:35 to 2024-08-07 14:44:49:

NODE            CPU#        TOT%   ( USR   / SYS   / WIO   / IDLE  ) 

spartan-gpgpu128 : 
                CPU# 1    : 26.0   (  17.3 /   8.7 /   0.7 /  73.3 ) 
                CPU# 2    : 9.8    (   4.5 /   5.3 /   0.6 /  89.6 ) 
                CPU# 3    : 17.2   (   6.5 /  10.6 /   0.6 /  82.2 ) 
                CPU# 4    : 17.8   (  14.2 /   3.6 /   0.7 /  81.6 ) 

                GPU# 1    : 0.0   


Allocated CPUs            : 4    
  CPUs with usage <25%    : 3    
  CPUs with usage <50%    : 1    
  CPUs with usage >50%    : 0    


Allocated GPUs            : 1    
  GPUs with usage <25%    : 1    
  GPUs with usage <50%    : 0    
  GPUs with usage >50%    : 0    

Memory used (RAM)         : 71.0%  [11906MB of 16778MB]

--------------------------------------------

slurmstepd: error: Detected 4 oom_kill events in StepId=63809157.batch. Some of the step tasks have been OOM Killed.
Aug  7 14:44:01 spartan-gpgpu128 kernel: Memory cgroup stats for /system.slice/slurmstepd.scope/job_63809157:
Aug  7 14:44:01 spartan-gpgpu128 kernel: oom-kill:constraint=CONSTRAINT_MEMCG,nodemask=(null),cpuset=task_0,mems_allowed=0-1,oom_memcg=/system.slice/slurmstepd.scope/job_63809157,task_memcg=/system.slice/slurmstepd.scope/job_63809157/step_batch/user/task_0,task=pt_main_thread,pid=224882,uid=16681
Aug  7 14:44:17 spartan-gpgpu128 kernel: Memory cgroup stats for /system.slice/slurmstepd.scope/job_63809157:
Aug  7 14:44:17 spartan-gpgpu128 kernel: oom-kill:constraint=CONSTRAINT_MEMCG,nodemask=(null),cpuset=task_0,mems_allowed=0-1,oom_memcg=/system.slice/slurmstepd.scope/job_63809157,task_memcg=/system.slice/slurmstepd.scope/job_63809157/step_batch/user/task_0,task=pt_main_thread,pid=225500,uid=16681
Aug  7 14:44:32 spartan-gpgpu128 kernel: Memory cgroup stats for /system.slice/slurmstepd.scope/job_63809157:
Aug  7 14:44:32 spartan-gpgpu128 kernel: oom-kill:constraint=CONSTRAINT_MEMCG,nodemask=(null),cpuset=task_0,mems_allowed=0-1,oom_memcg=/system.slice/slurmstepd.scope/job_63809157,task_memcg=/system.slice/slurmstepd.scope/job_63809157/step_batch/user/task_0,task=pt_main_thread,pid=226150,uid=16681
Aug  7 14:44:48 spartan-gpgpu128 kernel: Memory cgroup stats for /system.slice/slurmstepd.scope/job_63809157:
Aug  7 14:44:48 spartan-gpgpu128 kernel: oom-kill:constraint=CONSTRAINT_MEMCG,nodemask=(null),cpuset=task_0,mems_allowed=0-1,oom_memcg=/system.slice/slurmstepd.scope/job_63809157,task_memcg=/system.slice/slurmstepd.scope/job_63809157/step_batch/user/task_0,task=pt_main_thread,pid=226765,uid=16681
