/var/spool/slurm/job63450996/slurm_script: line 11: [x63450996: command not found
Args in experiment:
[1mBasic Config[0m
  Task Name:          long_term_forecast  Is Training:        1                   
  Model ID:           ETTh1_CALF_96_96    Model:              CALF                

[1mData Loader[0m
  Data:               ETTh1               Root Path:          ./datasets/ETT-small/
  Data Path:          ETTh1.csv           Features:           M                   
  Target:             OT                  Freq:               h                   
  Checkpoints:        ./checkpoints/      

[1mForecasting Task[0m
  Seq Len:            96                  Label Len:          0                   
  Pred Len:           96                  Seasonal Patterns:  Monthly             
  Inverse:            0                   

[1mModel Parameters[0m
  Top k:              5                   Num Kernels:        6                   
  Enc In:             7                   Dec In:             7                   
  C Out:              7                   d model:            768                 
  n heads:            4                   e layers:           2                   
  d layers:           1                   d FF:               768                 
  Moving Avg:         25                  Factor:             1                   
  Distil:             1                   Dropout:            0.3                 
  Embed:              timeF               Activation:         gelu                
  Output Attention:   0                   

[1mRun Parameters[0m
  Num Workers:        10                  Itr:                1                   
  Train Epochs:       5                   Batch Size:         256                 
  Patience:           1                   Learning Rate:      0.001               
  Des:                test                Feature Loss:       l1                  Output Loss:        l1                  Task Loss:          l1                  
  Lradj:              type1               Use Amp:            0                   

[1mGPU[0m
  Use GPU:            1                   GPU:                0                   
  Use Multi GPU:      0                   Devices:            0,1,2,3             

[1mDe-stationary Projector Params[0m
  P Hidden Dims:      128, 128            P Hidden Layers:    2                   

[1mDistill Loss Weight[0m
  Feature Weight:     0.01                Output Weight:      1.0                 Task Weight:        1.0                 

Use GPU: cuda:0
>>>>>>>start training : long_term_forecast_ETTh1_CALF_96_96_CALF_ETTh1_ftM_sl96_ll0_pl96_dm768_nh4_el2_dl1_df768_fc1_ebtimeF_dtTrue_test_gpt6_0>>>>>>>>>>>>>>>>>>>>>>>>>>
train 8449
val 2785
test 2785
Epoch: 1 cost time: 8.922067165374756
Epoch: 1, Steps: 33 | Train Loss: 1.0726407 Vali Loss: 0.9784061 Test Loss: 0.5658002
lr = 0.0009938442
Validation loss decreased (inf --> 0.978406).  Saving model ...
Epoch: 2 cost time: 6.262715101242065
Epoch: 2, Steps: 33 | Train Loss: 0.6676375 Vali Loss: 0.8133286 Test Loss: 0.4479086
lr = 0.0009755285
Validation loss decreased (0.978406 --> 0.813329).  Saving model ...
Epoch: 3 cost time: 6.107119560241699
Epoch: 3, Steps: 33 | Train Loss: 0.5855504 Vali Loss: 0.7666615 Test Loss: 0.4305137
lr = 0.0009455038
Validation loss decreased (0.813329 --> 0.766662).  Saving model ...
Epoch: 4 cost time: 6.215631008148193
Epoch: 4, Steps: 33 | Train Loss: 0.5536887 Vali Loss: 0.7231294 Test Loss: 0.4030720
lr = 0.0009045095
Validation loss decreased (0.766662 --> 0.723129).  Saving model ...
Epoch: 5 cost time: 5.978562116622925
Epoch: 5, Steps: 33 | Train Loss: 0.5288097 Vali Loss: 0.6997894 Test Loss: 0.3901878
lr = 0.0008535549
Validation loss decreased (0.723129 --> 0.699789).  Saving model ...
>>>>>>>testing : long_term_forecast_ETTh1_CALF_96_96_CALF_ETTh1_ftM_sl96_ll0_pl96_dm768_nh4_el2_dl1_df768_fc1_ebtimeF_dtTrue_test_gpt6_0<<<<<<<<<<<<<<<<<<<<<<<<<<<<<<<<<
test 11425
test shape: (11425, 1, 96, 7) (11425, 1, 96, 7)
test shape: (11425, 96, 7) (11425, 96, 7)
mse:0.2173915058374405, mae:0.3009010851383209
=====================================================================================================================
Args in experiment:
[1mBasic Config[0m
  Task Name:          long_term_forecast  Is Training:        1                   
  Model ID:           ETTh1_CALF_96_192   Model:              CALF                

[1mData Loader[0m
  Data:               ETTh1               Root Path:          ./datasets/ETT-small/
  Data Path:          ETTh1.csv           Features:           M                   
  Target:             OT                  Freq:               h                   
  Checkpoints:        ./checkpoints/      

[1mForecasting Task[0m
  Seq Len:            96                  Label Len:          0                   
  Pred Len:           192                 Seasonal Patterns:  Monthly             
  Inverse:            0                   

[1mModel Parameters[0m
  Top k:              5                   Num Kernels:        6                   
  Enc In:             7                   Dec In:             7                   
  C Out:              7                   d model:            768                 
  n heads:            4                   e layers:           2                   
  d layers:           1                   d FF:               768                 
  Moving Avg:         25                  Factor:             1                   
  Distil:             1                   Dropout:            0.3                 
  Embed:              timeF               Activation:         gelu                
  Output Attention:   0                   

[1mRun Parameters[0m
  Num Workers:        10                  Itr:                1                   
  Train Epochs:       5                   Batch Size:         256                 
  Patience:           1                   Learning Rate:      0.001               
  Des:                test                Feature Loss:       l1                  Output Loss:        l1                  Task Loss:          l1                  
  Lradj:              type1               Use Amp:            0                   

[1mGPU[0m
  Use GPU:            1                   GPU:                0                   
  Use Multi GPU:      0                   Devices:            0,1,2,3             

[1mDe-stationary Projector Params[0m
  P Hidden Dims:      128, 128            P Hidden Layers:    2                   

[1mDistill Loss Weight[0m
  Feature Weight:     0.01                Output Weight:      1.0                 Task Weight:        1.0                 

Use GPU: cuda:0
>>>>>>>start training : long_term_forecast_ETTh1_CALF_96_192_CALF_ETTh1_ftM_sl96_ll0_pl192_dm768_nh4_el2_dl1_df768_fc1_ebtimeF_dtTrue_test_gpt6_0>>>>>>>>>>>>>>>>>>>>>>>>>>
train 8353
val 2689
test 2689
Epoch: 1 cost time: 8.806906938552856
slurmstepd: error: *** JOB 63450996 ON spartan-gpgpu099 CANCELLED AT 2024-07-31T14:00:34 ***
