Args in experiment:
[1mBasic Config[0m
  Task Name:          classification      Is Training:        1                   
  Model ID:           ECG_CALF_96_720     Model:              CALF                

[1mData Loader[0m
  Data:               ECG                 Root Path:          ./datasets/ECG/     
  Data Path:          x_train.pkl         Features:           M                   
  Target:             OT                  Freq:               h                   
  Checkpoints:        ./checkpoints/      

[1mModel Parameters[0m
  Top k:              5                   Num Kernels:        6                   
  Enc In:             7                   Dec In:             7                   
  C Out:              7                   d model:            768                 
  n heads:            4                   e layers:           2                   
  d layers:           1                   d FF:               768                 
  Moving Avg:         25                  Factor:             1                   
  Distil:             1                   Dropout:            0.3                 
  Embed:              timeF               Activation:         gelu                
  Output Attention:   0                   

[1mRun Parameters[0m
  Num Workers:        10                  Itr:                1                   
  Train Epochs:       100                 Batch Size:         256                 
  Patience:           10                  Learning Rate:      0.0005              
  Des:                test                Feature Loss:       l1                  Output Loss:        l1                  Task Loss:          ce                  
  Lradj:              type1               Use Amp:            0                   

[1mGPU[0m
  Use GPU:            1                   GPU:                0                   
  Use Multi GPU:      0                   Devices:            0,1,2,3             

[1mDe-stationary Projector Params[0m
  P Hidden Dims:      128, 128            P Hidden Layers:    2                   

[1mDistill Loss Weight[0m
  Feature Weight:     0.01                Output Weight:      1.0                 Task Weight:        1.0                 

Use GPU: cuda:0
>>>>>>>start training : classification_ECG_CALF_96_720_CALF_ECG_ftM_sl1_ll0_pl0_dm768_nh4_el2_dl1_df768_fc1_ebtimeF_dtTrue_test_gpt6_0>>>>>>>>>>>>>>>>>>>>>>>>>>
Traceback (most recent call last):
  File "/data/gpfs/projects/punim2341/feixiangz/CALF/run.py", line 178, in <module>
    exp.train(setting)
  File "/data/gpfs/projects/punim2341/feixiangz/CALF/exp/exp_classification.py", line 120, in train
    for i, (batch_x, label, padding_mask) in enumerate(train_loader):
ValueError: too many values to unpack (expected 3)
=====================================================================================================================
Job ID           : 63813604
Cluster          : spartan
User/Project     : feixiangz/punim2341
Nodes            : 1
Wall-clock time  : 00:00:39 / 04:00:00

Displaying overall resources usage from 2024-08-07 15:53:32 to 2024-08-07 15:54:11:

NODE            CPU#        TOT%   ( USR   / SYS   / WIO   / IDLE  ) 

spartan-gpgpu128 : 
                CPU# 1    : 4.3    (   3.3 /   1.0 /   2.7 /  92.9 ) 
                CPU# 2    : 4.2    (   3.3 /   0.9 /   3.3 /  92.5 ) 
                CPU# 3    : 11.3   (   7.5 /   3.8 /   4.1 /  84.6 ) 
                CPU# 4    : 12.4   (   6.6 /   5.8 /   3.8 /  83.8 ) 

                GPU# 1    : 0.0   


Allocated CPUs            : 4    
  CPUs with usage <25%    : 4    
  CPUs with usage <50%    : 0    
  CPUs with usage >50%    : 0    


Allocated GPUs            : 1    
  GPUs with usage <25%    : 1    
  GPUs with usage <50%    : 0    
  GPUs with usage >50%    : 0    

Memory used (RAM)         : 48.9%  [26275MB of 53688MB]

--------------------------------------------

